
Allocating common symbols
Common symbol       size              file

stack               0x4000            boot.o

Memory Configuration

Name             Origin             Length             Attributes
*default*        0x00000000         0xffffffff

Linker script and memory map

                0x00400000                __image_base__ = 0x400000
                0x00000000                __dll__ = 0x0
                0x00001000                __section_alignment__ = 0x1000
                0x00000200                __file_alignment__ = 0x200
                0x00000004                __major_os_version__ = 0x4
                0x00000000                __minor_os_version__ = 0x0
                0x00000001                __major_image_version__ = 0x1
                0x00000000                __minor_image_version__ = 0x0
                0x00000004                __major_subsystem_version__ = 0x4
                0x00000000                __minor_subsystem_version__ = 0x0
                0x00000003                __subsystem__ = 0x3
                0x00200000                __size_of_stack_reserve__ = 0x200000
                0x00001000                __size_of_stack_commit__ = 0x1000
                0x00100000                __size_of_heap_reserve__ = 0x100000
                0x00001000                __size_of_heap_commit__ = 0x1000
                0x00000000                __loader_flags__ = 0x0
                0x00100000                . = 0x100000

.setup          0x00100000      0x200
 *(.setup)
 .setup         0x00100000       0x70 boot.o
                0x00100000                start
                0x00100000                start
                0xc0100070                . = (. + 0xc0000000)

.text           0xc0100070      0x600 load address 0x00100070
 *(.text)
 .text          0xc0100070       0x30 boot.o
 .text          0xc01000a0      0x5d0 kernel.o
                0xc01000a0                cmain
                0xc0100572                printf

.rdata          0xc0101000      0x200 load address 0x00101000
 .rdata         0xc0101000      0x200 kernel.o

.data           0xc0102000        0x0 load address 0x00102000
 *(.data)
 *(.rodata*)

.bss            0xc0102000     0x4030 load address 0x00102000
 *(COMMON*)
 COMMON         0xc0102000     0x4000 boot.o
                0xc0102000                stack
 *(.bss*)
 .bss           0xc0106000       0x30 kernel.o
LOAD boot.o
LOAD kernel.o
OUTPUT(kernel.bin pei-i386)

Cross Reference Table

Symbol                                            File
cmain                                             kernel.o
                                                  boot.o
printf                                            kernel.o
                                                  boot.o
stack                                             boot.o
start                                             boot.o
start                                             boot.o
